2026-05-04 15:21 +05:30: 
2026-05-04 15:21 +05:30: > pdp-link-scraper@1.0.0 pipeline
2026-05-04 15:21 +05:30: > node orchestrator.js --resume --max-batches 10 && npm run interlink && npm run targeted-enrich && npm run enrich
2026-05-04 15:21 +05:30: 
2026-05-04 15:21 +05:30: ◇ injecting env (4) from .env // tip: ⌘ multiple files { path: ['.env.local', '.env'] }
2026-05-04 15:21 +05:30: ◇ injecting env (0) from .env // tip: ⌘ enable debugging { debug: true }
2026-05-04 15:32 +05:30: 
2026-05-04 15:32 +05:30: > pdp-link-scraper@1.0.0 pipeline
2026-05-04 15:32 +05:30: > node orchestrator.js --resume --max-batches 10 && npm run interlink && npm run targeted-enrich && npm run enrich
2026-05-04 15:32 +05:30: 
2026-05-04 15:32 +05:30: ◇ injecting env (4) from .env // tip: ◈ secrets for agents [www.dotenvx.com]
2026-05-04 15:32 +05:30: ◇ injecting env (0) from .env // tip: ⌘ multiple files { path: ['.env.local', '.env'] }
2026-05-04 15:32 +05:30: ♻️  Resuming from batch index 103 (37 batches already done)
2026-05-04 15:32 +05:30: 📊 477 queries remaining across 159 batches.
2026-05-04 15:32 +05:30: 
2026-05-04 15:32 +05:30: 
2026-05-04 15:32 +05:30: ════════════════════════════════════════════════════════════
2026-05-04 15:32 +05:30: 📦 BATCH 38 — Processing 3 queries [adalimumab, vedolizumab, ursodeoxycholic acid]
2026-05-04 15:32 +05:30: ════════════════════════════════════════════════════════════
2026-05-04 15:32 +05:30:   🔍 [Attempt 1] Scraping: "adalimumab"
2026-05-04 15:32 +05:30: [Ingest] "adalimumab" — discovering URLs...
2026-05-04 15:32 +05:30: [Discovery] "adalimumab" — mode: auto, platforms: all, webSearch: true
2026-05-04 15:36 +05:30: [Discovery] "adalimumab" — platform discovery found 9 URLs from: pharmeasy, netmeds
2026-05-04 15:36 +05:30: [Discovery] "adalimumab" — web search fallback for: 1mg, apollo, truemeds, medplus
2026-05-04 15:36 +05:30: [Discovery] "adalimumab" — total unique URLs: 9
2026-05-04 15:36 +05:30: [Ingest] "adalimumab" — discovered 9 URLs. Scraping...
2026-05-04 15:36 +05:30: [DOSAGE] Successful corrected extraction (multi-dosage): 40mg+0.8ml for "Exemptia 40 mg/0.8 mL Injection"
2026-05-04 16:10 +05:30: 
2026-05-04 16:10 +05:30: > pdp-link-scraper@1.0.0 pipeline
2026-05-04 16:10 +05:30: > node orchestrator.js --resume --max-batches 10 && npm run interlink && npm run targeted-enrich && npm run enrich
2026-05-04 16:10 +05:30: 
2026-05-04 16:10 +05:30: ◇ injecting env (4) from .env // tip: ⌘ multiple files { path: ['.env.local', '.env'] }
2026-05-04 16:10 +05:30: ◇ injecting env (0) from .env // tip: ⌘ enable debugging { debug: true }
2026-05-04 16:10 +05:30: ♻️  Resuming from batch index 103 (37 batches already done)
2026-05-04 16:10 +05:30: 📊 477 queries remaining across 159 batches.
2026-05-04 16:10 +05:30: 
2026-05-04 16:10 +05:30: 
2026-05-04 16:10 +05:30: ════════════════════════════════════════════════════════════
2026-05-04 16:10 +05:30: 📦 BATCH 38 — Processing 3 queries [adalimumab, vedolizumab, ursodeoxycholic acid]
2026-05-04 16:10 +05:30: ════════════════════════════════════════════════════════════
2026-05-04 16:10 +05:30:   🔍 [Attempt 1] Scraping: "adalimumab"
2026-05-04 16:10 +05:30: [Ingest] "adalimumab" — discovering URLs...
2026-05-04 16:10 +05:30: [Discovery] "adalimumab" — mode: auto, platforms: all, webSearch: true
2026-05-04 16:10 +05:30: [Discovery] "adalimumab" — platform discovery found 9 URLs from: pharmeasy, netmeds
2026-05-04 16:10 +05:30: [Discovery] "adalimumab" — web search fallback for: 1mg, apollo, truemeds, medplus
2026-05-04 16:10 +05:30: [Discovery] "adalimumab" — total unique URLs: 9
2026-05-04 16:10 +05:30: [Ingest] "adalimumab" — discovered 9 URLs. Scraping...
2026-05-04 16:10 +05:30: [DOSAGE] Successful corrected extraction (multi-dosage): 40mg+0.8ml for "Exemptia 40 mg/0.8 mL Injection"
2026-05-04 17:15 +05:30: [Ingest] "adalimumab" — scraped 9 OK, 0 failed.
2026-05-04 17:54 +05:30: 
2026-05-04 17:54 +05:30: > pdp-link-scraper@1.0.0 pipeline
2026-05-04 17:54 +05:30: > node orchestrator.js --resume --max-batches 10 && npm run interlink && npm run targeted-enrich && npm run enrich
2026-05-04 17:54 +05:30: 
2026-05-04 17:54 +05:30: ◇ injecting env (4) from .env // tip: ⌘ custom filepath { path: '/custom/path/.env' }
2026-05-04 17:54 +05:30: ◇ injecting env (0) from .env // tip: ⌁ auth for agents [www.vestauth.com]
2026-05-04 17:54 +05:30: ♻️  Resuming from batch index 103 (37 batches already done)
2026-05-04 17:54 +05:30: 📊 477 queries remaining across 159 batches.
2026-05-04 17:54 +05:30: 
2026-05-04 17:54 +05:30: 
2026-05-04 17:54 +05:30: ════════════════════════════════════════════════════════════
2026-05-04 17:54 +05:30: 📦 BATCH 38 — Processing 3 queries [adalimumab, vedolizumab, ursodeoxycholic acid]
2026-05-04 17:54 +05:30: ════════════════════════════════════════════════════════════
2026-05-04 17:54 +05:30:   🔍 [Attempt 1] Scraping: "adalimumab"
2026-05-04 17:54 +05:30: [Ingest] "adalimumab" — discovering URLs...
2026-05-04 17:54 +05:30: [Discovery] "adalimumab" — mode: auto, platforms: all, webSearch: true
2026-05-04 17:54 +05:30: [Discovery] "adalimumab" — platform discovery found 9 URLs from: pharmeasy, netmeds
2026-05-04 17:54 +05:30: [Discovery] "adalimumab" — web search fallback for: 1mg, apollo, truemeds, medplus
2026-05-04 17:54 +05:30: [Discovery] "adalimumab" — total unique URLs: 9
2026-05-04 17:54 +05:30: [Ingest] "adalimumab" — discovered 9 URLs. Scraping...
2026-05-04 17:54 +05:30: [DOSAGE] Successful corrected extraction (multi-dosage): 40mg+0.8ml for "Exemptia 40 mg/0.8 mL Injection"
2026-05-04 18:06 +05:30: 
2026-05-04 18:06 +05:30: > pdp-link-scraper@1.0.0 pipeline
2026-05-04 18:06 +05:30: > node orchestrator.js --resume --max-batches 10 && npm run interlink && npm run targeted-enrich && npm run enrich
2026-05-04 18:06 +05:30: 
2026-05-04 18:07 +05:30: 
2026-05-04 18:07 +05:30: > pdp-link-scraper@1.0.0 pipeline
2026-05-04 18:07 +05:30: > node orchestrator.js --resume --max-batches 10 && npm run interlink && npm run targeted-enrich && npm run enrich
2026-05-04 18:07 +05:30: 
2026-05-04 18:07 +05:30: ◇ injecting env (4) from .env // tip: ⌘ enable debugging { debug: true }
2026-05-04 18:07 +05:30: ◇ injecting env (0) from .env // tip: ⌘ override existing { override: true }
2026-05-04 18:07 +05:30: ♻️  Resuming from batch index 103 (37 batches already done)
2026-05-04 18:07 +05:30: 📊 477 queries remaining across 159 batches.
2026-05-04 18:07 +05:30: 
2026-05-04 18:07 +05:30: 
2026-05-04 18:07 +05:30: ════════════════════════════════════════════════════════════
2026-05-04 18:07 +05:30: 📦 BATCH 38 — Processing 3 queries [adalimumab, vedolizumab, ursodeoxycholic acid]
2026-05-04 18:07 +05:30: ════════════════════════════════════════════════════════════
2026-05-04 18:07 +05:30:   🔍 [Attempt 1] Scraping: "adalimumab"
2026-05-04 18:07 +05:30: [Ingest] "adalimumab" — discovering URLs...
2026-05-04 18:07 +05:30: [Discovery] "adalimumab" — mode: auto, platforms: all, webSearch: true
2026-05-04 18:07 +05:30: [Discovery] "adalimumab" — platform discovery found 9 URLs from: pharmeasy, netmeds
2026-05-04 18:07 +05:30: [Discovery] "adalimumab" — web search fallback for: 1mg, apollo, truemeds, medplus
2026-05-04 18:07 +05:30: [Discovery] "adalimumab" — total unique URLs: 9
2026-05-04 18:07 +05:30: [Ingest] "adalimumab" — discovered 9 URLs. Scraping...
2026-05-04 18:07 +05:30: [DOSAGE] Successful corrected extraction (multi-dosage): 40mg+0.8ml for "Exemptia 40 mg/0.8 mL Injection"
2026-05-04 18:07 +05:30: [Ingest] "adalimumab" — scraped 9 OK, 0 failed.
2026-05-04 18:07 +05:30: [DOSAGE] Successful corrected extraction (multi-dosage): 40mg+0.8ml for "Exemptia 40 mg/0.8 mL Injection"
2026-05-04 18:07 +05:30: [Ingest] "adalimumab" — ETL: 9 medicines touched, 0 prices upserted, 0 rejected.
2026-05-04 18:07 +05:30:   ✅ "adalimumab" → Discovered: 9, Scraped: 9, Medicines: 9
2026-05-04 18:07 +05:30:   🔍 [Attempt 1] Scraping: "vedolizumab"
2026-05-04 18:07 +05:30: [Ingest] "vedolizumab" — discovering URLs...
2026-05-04 18:07 +05:30: [Discovery] "vedolizumab" — mode: auto, platforms: all, webSearch: true
2026-05-04 18:07 +05:30: [Discovery] "vedolizumab" — platform discovery found 8 URLs from: pharmeasy
2026-05-04 18:07 +05:30: [Discovery] "vedolizumab" — web search fallback for: 1mg, netmeds, apollo, truemeds, medplus
2026-05-04 18:07 +05:30: [Discovery] "vedolizumab" — total unique URLs: 8
2026-05-04 18:07 +05:30: [Ingest] "vedolizumab" — discovered 8 URLs. Scraping...
2026-05-04 18:07 +05:30: [DOSAGE] Successful corrected extraction (multi-dosage): 40mg+0.8ml for "Exemptia 40 mg/0.8 mL Injection"
2026-05-04 18:07 +05:30: [Ingest] "vedolizumab" — scraped 8 OK, 0 failed.
2026-05-04 18:07 +05:30: [DOSAGE] Successful corrected extraction (multi-dosage): 40mg+0.8ml for "Exemptia 40 mg/0.8 mL Injection"
2026-05-04 18:07 +05:30: [Ingest] "vedolizumab" — ETL: 8 medicines touched, 0 prices upserted, 0 rejected.
2026-05-04 18:07 +05:30:   ✅ "vedolizumab" → Discovered: 8, Scraped: 8, Medicines: 8
2026-05-04 18:07 +05:30:   🔍 [Attempt 1] Scraping: "ursodeoxycholic acid"
2026-05-04 18:07 +05:30: [Ingest] "ursodeoxycholic acid" — discovering URLs...
2026-05-04 18:07 +05:30: [Discovery] "ursodeoxycholic acid" — mode: auto, platforms: all, webSearch: true
2026-05-04 18:07 +05:30: [Discovery] "ursodeoxycholic acid" — platform discovery found 21 URLs from: pharmeasy, netmeds
2026-05-04 18:07 +05:30: [Discovery] "ursodeoxycholic acid" — web search fallback for: 1mg, apollo, truemeds, medplus
2026-05-04 18:07 +05:30: [Discovery] "ursodeoxycholic acid" — total unique URLs: 21
2026-05-04 18:07 +05:30: [Ingest] "ursodeoxycholic acid" — discovered 21 URLs. Scraping...
2026-05-04 18:08 +05:30: [Ingest] "ursodeoxycholic acid" — scraped 21 OK, 0 failed.
2026-05-04 18:08 +05:30: [Ingest] "ursodeoxycholic acid" — ETL: 20 medicines touched, 0 prices upserted, 0 rejected.
2026-05-04 18:08 +05:30:   ✅ "ursodeoxycholic acid" → Discovered: 21, Scraped: 21, Medicines: 20
2026-05-04 18:08 +05:30: 
2026-05-04 18:08 +05:30: 📊 Progress: 106/580 queries (18.3%) | Speed: 1.56 q/s | ETA: 2h 58m 45s
2026-05-04 18:08 +05:30:    Discovered: 11307 | Scraped: 11084 | Medicines: 10462 | Enriched: 180
2026-05-04 18:08 +05:30: 💤 Breathing for 4.8s before next batch...
2026-05-04 18:08 +05:30: 
2026-05-04 18:08 +05:30: 
2026-05-04 18:08 +05:30: ════════════════════════════════════════════════════════════
2026-05-04 18:08 +05:30: 📦 BATCH 39 — Processing 3 queries [silymarin, rifaximin, neomycin]
2026-05-04 18:08 +05:30: ════════════════════════════════════════════════════════════
2026-05-04 18:08 +05:30:   🔍 [Attempt 1] Scraping: "silymarin"
2026-05-04 18:08 +05:30: [Ingest] "silymarin" — discovering URLs...
2026-05-04 18:08 +05:30: [Discovery] "silymarin" — mode: auto, platforms: all, webSearch: true
2026-05-04 18:08 +05:30: [Discovery] "silymarin" — platform discovery found 17 URLs from: pharmeasy, netmeds
2026-05-04 18:08 +05:30: [Discovery] "silymarin" — web search fallback for: 1mg, apollo, truemeds, medplus
2026-05-04 18:08 +05:30: [Discovery] "silymarin" — total unique URLs: 17
2026-05-04 18:08 +05:30: [Ingest] "silymarin" — discovered 17 URLs. Scraping...
2026-05-04 18:08 +05:30: [Ingest] "silymarin" — scraped 17 OK, 0 failed.
2026-05-04 18:08 +05:30: [Ingest] "silymarin" — ETL: 15 medicines touched, 0 prices upserted, 0 rejected.
2026-05-04 18:08 +05:30:   ✅ "silymarin" → Discovered: 17, Scraped: 17, Medicines: 15
2026-05-04 18:08 +05:30:   🔍 [Attempt 1] Scraping: "rifaximin"
2026-05-04 18:08 +05:30: [Ingest] "rifaximin" — discovering URLs...
2026-05-04 18:08 +05:30: [Discovery] "rifaximin" — mode: auto, platforms: all, webSearch: true
2026-05-04 18:09 +05:30: [Discovery] "rifaximin" — platform discovery found 19 URLs from: pharmeasy, netmeds
2026-05-04 18:09 +05:30: [Discovery] "rifaximin" — web search fallback for: 1mg, apollo, truemeds, medplus
2026-05-04 18:09 +05:30: [Discovery] "rifaximin" — total unique URLs: 19
2026-05-04 18:09 +05:30: [Ingest] "rifaximin" — discovered 19 URLs. Scraping...
2026-05-04 18:09 +05:30: [Ingest] "rifaximin" — scraped 19 OK, 0 failed.
2026-05-04 18:09 +05:30: [Ingest] "rifaximin" — ETL: 18 medicines touched, 0 prices upserted, 0 rejected.
2026-05-04 18:09 +05:30:   ✅ "rifaximin" → Discovered: 19, Scraped: 19, Medicines: 18
2026-05-04 18:09 +05:30:   🔍 [Attempt 1] Scraping: "neomycin"
2026-05-04 18:09 +05:30: [Ingest] "neomycin" — discovering URLs...
2026-05-04 18:09 +05:30: [Discovery] "neomycin" — mode: auto, platforms: all, webSearch: true
2026-05-04 18:09 +05:30: [Discovery] "neomycin" — platform discovery found 19 URLs from: pharmeasy, netmeds
2026-05-04 18:09 +05:30: [Discovery] "neomycin" — web search fallback for: 1mg, apollo, truemeds, medplus
2026-05-04 18:09 +05:30: [Discovery] "neomycin" — total unique URLs: 19
2026-05-04 18:09 +05:30: [Ingest] "neomycin" — discovered 19 URLs. Scraping...
2026-05-04 18:09 +05:30: [Ingest] "neomycin" — scraped 19 OK, 0 failed.
2026-05-04 18:10 +05:30: [Ingest] "neomycin" — ETL: 19 medicines touched, 0 prices upserted, 0 rejected.
2026-05-04 18:10 +05:30:   ✅ "neomycin" → Discovered: 19, Scraped: 19, Medicines: 19
2026-05-04 18:10 +05:30: 
2026-05-04 18:10 +05:30: 📊 Progress: 109/580 queries (18.8%) | Speed: 0.64 q/s | ETA: 3h 41m 45s
2026-05-04 18:10 +05:30:    Discovered: 11362 | Scraped: 11139 | Medicines: 10514 | Enriched: 180
2026-05-04 18:10 +05:30: 💤 Breathing for 4.1s before next batch...
2026-05-04 18:10 +05:30: 
